Watching for file changes with StatReloader
Watching for file changes with StatReloader
C:\Users\DELL GOOD ONE\Final_Project\fintrack_project\settings.py changed, reloading.
Watching for file changes with StatReloader
C:\Users\DELL GOOD ONE\Final_Project\fintrack_project\settings.py changed, reloading.
Watching for file changes with StatReloader
C:\Users\DELL GOOD ONE\Final_Project\fintrack_project\settings.py changed, reloading.
Watching for file changes with StatReloader
C:\Users\DELL GOOD ONE\Final_Project\fintrack_project\settings.py changed, reloading.
Watching for file changes with StatReloader
Watching for file changes with StatReloader
C:\Users\DELL GOOD ONE\Final_Project\fintrack_project\settings.py changed, reloading.
Watching for file changes with StatReloader
C:\Users\DELL GOOD ONE\Final_Project\fintrack_project\settings.py changed, reloading.
Watching for file changes with StatReloader
C:\Users\DELL GOOD ONE\Final_Project\fintrack_project\settings.py changed, reloading.
Watching for file changes with StatReloader
C:\Users\DELL GOOD ONE\Final_Project\fintrack_project\settings.py changed, reloading.
Watching for file changes with StatReloader
C:\Users\DELL GOOD ONE\Final_Project\fintrack_project\settings.py changed, reloading.
Watching for file changes with StatReloader
C:\Users\DELL GOOD ONE\Final_Project\fintrack_project\settings.py changed, reloading.
Watching for file changes with StatReloader
Watching for file changes with StatReloader
C:\Users\DELL GOOD ONE\Final_Project\fintrack_project\settings.py changed, reloading.
Watching for file changes with StatReloader
Watching for file changes with StatReloader
C:\Users\DELL GOOD ONE\Final_Project\fintrack_project\settings.py changed, reloading.
Watching for file changes with StatReloader
C:\Users\DELL GOOD ONE\Final_Project\fintrack_project\settings.py changed, reloading.
Watching for file changes with StatReloader
C:\Users\DELL GOOD ONE\Final_Project\fintrack_project\settings.py changed, reloading.
Watching for file changes with StatReloader
Watching for file changes with StatReloader
"GET /finance/ HTTP/1.1" 302 0
"GET /accounts/login/?next=/finance/ HTTP/1.1" 200 1799
"GET /accounts/confirm-email/Mg:1uRb8S:zuR4RnTmskNdvTD8mWv_pYPex2-vGOG2Q7EXka6gdTg/ HTTP/1.1" 200 1346
"GET /accounts/login/ HTTP/1.1" 200 1799
"GET /accounts/confirm-email/Mg:1uRb9D:AzJCUq_lt3oANTxHHusMpujGfiKsI87WkjEDSKt742E/ HTTP/1.1" 200 1346
"GET /accounts/login/ HTTP/1.1" 200 1799
"GET /finance/ HTTP/1.1" 302 0
"GET /accounts/login/?next=/finance/ HTTP/1.1" 200 1799
Watching for file changes with StatReloader
C:\Users\DELL GOOD ONE\Final_Project\fintrack_project\settings.py changed, reloading.
Watching for file changes with StatReloader
Watching for file changes with StatReloader
C:\Users\DELL GOOD ONE\Final_Project\fintrack_project\settings.py changed, reloading.
Watching for file changes with StatReloader
C:\Users\DELL GOOD ONE\Final_Project\fintrack_project\settings.py changed, reloading.
Watching for file changes with StatReloader
Watching for file changes with StatReloader
